<!DOCTYPE html>
<html lang="en" xmlns="http://www.w3.org/1999/xhtml" style="min-height: 100%;">
<head>
    <style>
        #header {
            height: 50px;
            width: 100%;
        }
        @media screen and (min-width: 640px) {
            #header {
                position: absolute;
                top: 0;
                left: 0;
                height: 200px;
                z-index: -10;
            }
        }
    </style>
</head>
<body style="background: #f4f4f4; font-family: 'Arial'; margin: 0; padding: 0;">
    <div id="header" style="background: #5f9fdf;">&nbsp;</div>
    <div id="main" style="margin: 30px auto; width: 80%; min-height: 300px; background-color:white;">
        <div style="padding-top: 30px">
            <p style="margin-right: 30px; font-style:italic; float:right;"></p>
            <h1 style="margin: 5px 20px;">notification 1</h1>
            <p style="margin: 5px 20px;">hurry up!</p>
            <p>
                <a style="margin:5px 20px; background-color:#5f9fdf;border:1px solid #b0d0f3;border-radius:4px;color:#f4f4f4;display:inline-block;font-family:sans-serif;font-size:13px;font-weight:bold;line-height:40px;text-align:center;text-decoration:none;width:200px;-webkit-text-size-adjust:none;mso-hide:all;" href="http://www.stijnhooft.be">Open it up</a>
            </p>
        </div>
        <div style="padding-top: 30px">
            <p style="margin-right: 30px; font-style:italic; float:right;"></p>
            <h1 style="margin: 5px 20px;">notification 2</h1>
            <p style="margin: 5px 20px;">chill...</p>
            <p>
                <a style="margin:5px 20px; background-color:#5f9fdf;border:1px solid #b0d0f3;border-radius:4px;color:#f4f4f4;display:inline-block;font-family:sans-serif;font-size:13px;font-weight:bold;line-height:40px;text-align:center;text-decoration:none;width:200px;-webkit-text-size-adjust:none;mso-hide:all;" href="http://portal.stijnhooft.be">Do something about it</a>
            </p>
        </div>
    </div>

</body>
</html>
